2026-08-05 16:29:58.093 Summary Test Results for Edge SessionEstablishment
Monitor:case-sensitivity-sparkplug-ids: PASS;
Monitor:payloads-nbirth-seq: PASS;
Monitor:payloads-timestamp-in-UTC: PASS;
Monitor:topic-structure: PASS;
Monitor:topic-structure-namespace-device-id-non-associated-message-types: PASS;
Monitor:topic-structure-namespace-valid-edge-node-id: PASS;
Monitor:topic-structure-namespace-valid-group-id: PASS;
case-sensitivity-metric-names: PASS;
message-flow-device-birth-publish-dbirth-match-edge-node-topic: PASS;
message-flow-device-birth-publish-dbirth-payload: PASS;
message-flow-device-birth-publish-dbirth-qos: PASS;
message-flow-device-birth-publish-dbirth-retained: PASS;
message-flow-device-birth-publish-dbirth-topic: PASS;
message-flow-device-birth-publish-nbirth-wait: PASS;
message-flow-device-dcmd-subscribe: PASS;
message-flow-edge-node-birth-publish-connect: PASS;
message-flow-edge-node-birth-publish-nbirth-payload: PASS;
message-flow-edge-node-birth-publish-nbirth-payload-bdSeq: PASS;
message-flow-edge-node-birth-publish-nbirth-payload-seq: PASS;
message-flow-edge-node-birth-publish-nbirth-qos: PASS;
message-flow-edge-node-birth-publish-nbirth-retained: PASS;
message-flow-edge-node-birth-publish-nbirth-topic: PASS;
message-flow-edge-node-birth-publish-phid-wait: PASS;
message-flow-edge-node-birth-publish-will-message: PASS;
message-flow-edge-node-birth-publish-will-message-payload: PASS;
message-flow-edge-node-birth-publish-will-message-qos: PASS;
message-flow-edge-node-birth-publish-will-message-topic: PASS;
message-flow-edge-node-birth-publish-will-message-will-retained: PASS;
message-flow-edge-node-ncmd-subscribe: PASS;
operational-behavior-data-commands-rebirth-datatype: PASS;
operational-behavior-data-commands-rebirth-name: PASS;
operational-behavior-data-commands-rebirth-name-aliases: PASS;
operational-behavior-data-commands-rebirth-value: PASS;
operational-behavior-data-publish-dbirth-values: PASS;
operational-behavior-data-publish-nbirth-values: PASS;
payloads-alias-birth-requirement: PASS;
payloads-alias-uniqueness: PASS;
payloads-dbirth-order: PASS;
payloads-dbirth-qos: PASS;
payloads-dbirth-retain: PASS;
payloads-dbirth-seq: PASS;
payloads-dbirth-seq-inc: PASS;
payloads-dbirth-timestamp: PASS;
payloads-ddata-order: PASS;
payloads-metric-datatype-req: PASS;
payloads-name-birth-data-requirement: PASS;
payloads-nbirth-bdseq: PASS;
payloads-nbirth-bdseq-repeat: PASS;
payloads-nbirth-qos: PASS;
payloads-nbirth-rebirth-req: PASS;
payloads-nbirth-retain: PASS;
payloads-nbirth-seq: PASS;
payloads-nbirth-timestamp: PASS;
payloads-ndata-order: PASS;
payloads-ndeath-bdseq: PASS;
payloads-ndeath-seq: PASS;
payloads-ndeath-will-message: PASS;
payloads-ndeath-will-message-qos: PASS;
payloads-ndeath-will-message-retain: PASS;
payloads-sequence-num-req-nbirth: PASS;
principles-birth-certificates-order: PASS;
principles-persistence-clean-session-311: PASS;
principles-persistence-clean-session-50: NOT EXECUTED;
topics-dbirth-metrics: PASS;
topics-dbirth-mqtt: PASS;
topics-dbirth-seq: PASS;
topics-dbirth-timestamp: PASS;
topics-dbirth-topic: PASS;
topics-nbirth-bdseq-included: PASS;
topics-nbirth-bdseq-matching: PASS;
topics-nbirth-metrics: PASS;
topics-nbirth-mqtt: PASS;
topics-nbirth-rebirth-metric: PASS;
topics-nbirth-seq-num: PASS;
topics-nbirth-timestamp: PASS;
topics-nbirth-topic: PASS;
topics-ndeath-payload: PASS;
topics-ndeath-seq: PASS;
OVERALL: PASS but INCOMPLETE;

2026-08-05 16:29:59.941 Summary Test Results for Edge SessionTermination
Monitor:case-sensitivity-sparkplug-ids: PASS;
Monitor:payloads-nbirth-seq: PASS;
Monitor:payloads-timestamp-in-UTC: PASS;
Monitor:topic-structure: PASS;
Monitor:topic-structure-namespace-device-id-associated-message-types: PASS;
Monitor:topic-structure-namespace-device-id-non-associated-message-types: PASS;
Monitor:topic-structure-namespace-duplicate-device-id-across-edge-node: PASS;
Monitor:topic-structure-namespace-valid-device-id: PASS;
Monitor:topic-structure-namespace-valid-edge-node-id: PASS;
Monitor:topic-structure-namespace-valid-group-id: PASS;
message-flow-edge-node-birth-publish-will-message-topic: PASS;
operational-behavior-device-ddeath: PASS;
operational-behavior-edge-node-intentional-disconnect-ndeath: PASS;
operational-behavior-edge-node-intentional-disconnect-packet: PASS;
payloads-ddeath-seq: PASS;
payloads-ddeath-seq-inc: PASS;
payloads-ddeath-seq-number: PASS;
payloads-ddeath-timestamp: PASS;
payloads-ndeath-will-message-publisher: PASS;
payloads-ndeath-will-message-publisher-disconnect-mqtt311: PASS;
payloads-ndeath-will-message-publisher-disconnect-mqtt50: NOT EXECUTED;
topics-ddeath-mqtt: PASS;
topics-ddeath-seq-num: PASS;
topics-ddeath-topic: PASS;
topics-ndeath-topic: PASS;
OVERALL: PASS but INCOMPLETE;

2026-08-05 16:30:00.402 Summary Test Results for Edge SendData
Monitor:case-sensitivity-sparkplug-ids: PASS;
Monitor:operational-behavior-data-publish-nbirth: PASS;
Monitor:payloads-nbirth-seq: PASS;
Monitor:payloads-ndata-seq-inc: PASS;
Monitor:payloads-sequence-num-incrementing: PASS;
Monitor:payloads-timestamp-in-UTC: PASS;
Monitor:topic-structure: PASS;
Monitor:topic-structure-namespace-device-id-associated-message-types: PASS;
Monitor:topic-structure-namespace-device-id-non-associated-message-types: PASS;
Monitor:topic-structure-namespace-duplicate-device-id-across-edge-node: PASS;
Monitor:topic-structure-namespace-valid-device-id: PASS;
Monitor:topic-structure-namespace-valid-edge-node-id: PASS;
Monitor:topic-structure-namespace-valid-group-id: PASS;
Monitor:topics-nbirth-metric-reqs: PASS;
payloads-ddata-qos: PASS;
payloads-ddata-retain: PASS;
payloads-ddata-seq: PASS;
payloads-ddata-timestamp: PASS;
payloads-metric-timestamp-in-UTC: PASS;
payloads-ndata-qos: PASS;
payloads-ndata-retain: PASS;
payloads-ndata-seq: PASS;
payloads-ndata-timestamp: PASS;
payloads-template-definition-members: NOT EXECUTED;
payloads-template-definition-nbirth: NOT EXECUTED;
payloads-template-definition-nbirth-only: PASS;
payloads-template-definition-parameters: NOT EXECUTED;
payloads-template-definition-parameters-default: NOT EXECUTED;
payloads-template-definition-ref: NOT EXECUTED;
payloads-template-instance-members: NOT EXECUTED;
payloads-template-instance-members-birth: NOT EXECUTED;
payloads-template-instance-members-data: NOT EXECUTED;
payloads-template-instance-parameters: NOT EXECUTED;
payloads-template-instance-ref: NOT EXECUTED;
topics-ddata-mqtt: PASS;
topics-ddata-payload: PASS;
topics-ddata-seq-num: PASS;
topics-ddata-timestamp: PASS;
topics-ddata-topic: PASS;
topics-ndata-mqtt: PASS;
topics-ndata-payload: PASS;
topics-ndata-seq-num: PASS;
topics-ndata-timestamp: PASS;
topics-ndata-topic: PASS;
OVERALL: PASS but INCOMPLETE;

2026-08-05 16:30:01.724 Summary Test Results for Edge Send Complex Data
Monitor:case-sensitivity-sparkplug-ids: PASS;
Monitor:operational-behavior-data-publish-dbirth: PASS;
Monitor:operational-behavior-data-publish-dbirth-change: PASS;
Monitor:operational-behavior-data-publish-nbirth: PASS;
Monitor:payloads-ddata-seq-inc: PASS;
Monitor:payloads-nbirth-seq: PASS;
Monitor:payloads-ndata-seq-inc: PASS;
Monitor:payloads-sequence-num-incrementing: PASS;
Monitor:payloads-timestamp-in-UTC: PASS;
Monitor:principles-rbe-recommended: PASS;
Monitor:topic-structure: PASS;
Monitor:topic-structure-namespace-device-id-associated-message-types: PASS;
Monitor:topic-structure-namespace-device-id-non-associated-message-types: PASS;
Monitor:topic-structure-namespace-duplicate-device-id-across-edge-node: PASS;
Monitor:topic-structure-namespace-valid-device-id: PASS;
Monitor:topic-structure-namespace-valid-edge-node-id: PASS;
Monitor:topic-structure-namespace-valid-group-id: PASS;
Monitor:topics-dbirth-metric-reqs: PASS;
Monitor:topics-nbirth-metric-reqs: PASS;
payloads-alias-data-cmd-requirement: PASS;
payloads-dataset-column-num-headers: NOT EXECUTED;
payloads-dataset-column-size: NOT EXECUTED;
payloads-dataset-parameter-type-req: NOT EXECUTED;
payloads-dataset-types-def: NOT EXECUTED;
payloads-dataset-types-num: NOT EXECUTED;
payloads-dataset-types-type: NOT EXECUTED;
payloads-dataset-types-value: NOT EXECUTED;
payloads-metric-datatype-not-req: MAYBE [tck-id-payloads-metric-datatype-not-req] The datatype SHOULD NOT be included with metric definitions in NDATA, NCMD, DDATA, and DCMD messages.;
payloads-metric-datatype-value: PASS;
payloads-metric-datatype-value-type: PASS;
payloads-metric-propertyvalue-type-req: PASS;
payloads-metric-propertyvalue-type-type: PASS;
payloads-metric-propertyvalue-type-value: PASS;
payloads-name-birth-data-requirement: PASS;
payloads-name-requirement: PASS;
payloads-propertyset-keys-array-size: PASS;
payloads-propertyset-quality-value-type: PASS;
payloads-propertyset-quality-value-value: PASS;
payloads-propertyset-values-array-size: PASS;
payloads-sequence-num-always-included: PASS;
payloads-template-dataset-value: NOT EXECUTED;
payloads-template-definition-is-definition: NOT EXECUTED;
payloads-template-definition-ref: NOT EXECUTED;
payloads-template-instance-is-definition: NOT EXECUTED;
payloads-template-instance-ref: NOT EXECUTED;
payloads-template-is-definition: NOT EXECUTED;
payloads-template-is-definition-definition: NOT EXECUTED;
payloads-template-is-definition-instance: NOT EXECUTED;
payloads-template-parameter-name-required: NOT EXECUTED;
payloads-template-parameter-name-type: NOT EXECUTED;
payloads-template-parameter-type-req: NOT EXECUTED;
payloads-template-parameter-type-value: NOT EXECUTED;
payloads-template-parameter-value: NOT EXECUTED;
payloads-template-parameter-value-type: NOT EXECUTED;
payloads-template-ref-definition: NOT EXECUTED;
payloads-template-ref-instance: NOT EXECUTED;
payloads-template-version: NOT EXECUTED;
OVERALL: PASS but INCOMPLETE;

2026-08-05 16:30:02.559 Summary Test Results for Edge ReceiveCommand
Monitor:case-sensitivity-sparkplug-ids: PASS;
Monitor:payloads-nbirth-seq: PASS;
Monitor:payloads-timestamp-in-UTC: PASS;
Monitor:topic-structure: PASS;
Monitor:topic-structure-namespace-device-id-associated-message-types: PASS;
Monitor:topic-structure-namespace-device-id-non-associated-message-types: PASS;
Monitor:topic-structure-namespace-duplicate-device-id-across-edge-node: PASS;
Monitor:topic-structure-namespace-valid-device-id: PASS;
Monitor:topic-structure-namespace-valid-edge-node-id: PASS;
Monitor:topic-structure-namespace-valid-group-id: PASS;
operational-behavior-data-commands-rebirth-action-1: PASS;
operational-behavior-data-commands-rebirth-action-2: PASS;
operational-behavior-data-commands-rebirth-action-3: PASS;
payloads-ndeath-will-message: PASS;
OVERALL: PASS;

2026-08-05 16:30:22.662 Summary Test Results for Edge Primary Host
Monitor:case-sensitivity-sparkplug-ids: PASS;
Monitor:host-topic-phid-birth-payload: PASS;
Monitor:host-topic-phid-death-payload-timestamp-connect: PASS;
Monitor:operational-behavior-host-application-connect-will-payload: PASS;
Monitor:operational-behavior-host-application-host-id: PASS;
Monitor:payloads-nbirth-seq: PASS;
Monitor:payloads-state-will-message-payload: PASS;
Monitor:payloads-timestamp-in-UTC: PASS;
Monitor:topic-structure: PASS;
Monitor:topic-structure-namespace-device-id-associated-message-types: PASS;
Monitor:topic-structure-namespace-device-id-non-associated-message-types: PASS;
Monitor:topic-structure-namespace-duplicate-device-id-across-edge-node: PASS;
Monitor:topic-structure-namespace-valid-device-id: PASS;
Monitor:topic-structure-namespace-valid-edge-node-id: PASS;
Monitor:topic-structure-namespace-valid-group-id: PASS;
message-flow-edge-node-birth-publish-phid-offline: PASS;
message-flow-edge-node-birth-publish-phid-wait: PASS;
message-flow-edge-node-birth-publish-phid-wait-id: PASS;
message-flow-edge-node-birth-publish-phid-wait-online: PASS;
message-flow-edge-node-birth-publish-phid-wait-timestamp: PASS;
operational-behavior-edge-node-termination-host-offline: PASS;
operational-behavior-edge-node-termination-host-offline-reconnect: PASS;
operational-behavior-edge-node-termination-host-offline-timestamp: PASS;
OVERALL: PASS;

